// Vitest Snapshot v1

exports[`StoresList > mounted component should match snapshot 1`] = `
<div
  class="grid md:grid-cols-[repeat(auto-fit,_minmax(25vw,_1fr))] gap-2"
>
  
  <router-link
    to="/stores/3574"
  >
    <div
      class="border rounded shadow p-4 h-full"
    >
      <div
        class="font-semibold mb-2"
      >
        Jumbo Alkmaar Duijvelshoff
      </div>
      <div
        class="flex gap-1 items-center"
      >
        <svg
          aria-hidden="true"
          class="h-5 w-5 text-gray-400"
          fill="none"
          stroke="currentColor"
          stroke-width="2"
          viewBox="0 0 24 24"
          xmlns="http://www.w3.org/2000/svg"
        >
          <path
            d="M17.657 16.657L13.414 20.9a1.998 1.998 0 01-2.827 0l-4.244-4.243a8 8 0 1111.314 0z"
            stroke-linecap="round"
            stroke-linejoin="round"
          />
          <path
            d="M15 11a3 3 0 11-6 0 3 3 0 016 0z"
            stroke-linecap="round"
            stroke-linejoin="round"
          />
        </svg>
        <div>
          Muiderwaard, 416
        </div>
      </div>
      <div
        class="flex gap-1 items-center"
      >
        <svg
          aria-hidden="true"
          class="h-5 w-5 text-gray-400"
          fill="none"
          stroke="currentColor"
          stroke-width="2"
          viewBox="0 0 24 24"
          xmlns="http://www.w3.org/2000/svg"
        >
          <path
            d="M19 21V5a2 2 0 00-2-2H7a2 2 0 00-2 2v16m14 0h2m-2 0h-5m-9 0H3m2 0h5M9 7h1m-1 4h1m4-4h1m-1 4h1m-5 10v-5a1 1 0 011-1h2a1 1 0 011 1v5m-4 0h4"
            stroke-linecap="round"
            stroke-linejoin="round"
          />
        </svg>
        <div>
          Alkmaar
        </div>
      </div>
      <div
        class="flex gap-1 items-center"
      >
        <svg
          aria-hidden="true"
          class="h-5 w-5 text-gray-400"
          fill="none"
          stroke="currentColor"
          stroke-width="2"
          viewBox="0 0 24 24"
          xmlns="http://www.w3.org/2000/svg"
        >
          <path
            d="M12 8v4l3 3m6-3a9 9 0 11-18 0 9 9 0 0118 0z"
            stroke-linecap="round"
            stroke-linejoin="round"
          />
        </svg>
        <div>
          07:00 to 22:00
        </div>
      </div>
    </div>
  </router-link>
  <router-link
    to="/stores/4730"
  >
    <div
      class="border rounded shadow p-4 h-full"
    >
      <div
        class="font-semibold mb-2"
      >
        Jumbo Amersfoort Leusderweg
      </div>
      <div
        class="flex gap-1 items-center"
      >
        <svg
          aria-hidden="true"
          class="h-5 w-5 text-gray-400"
          fill="none"
          stroke="currentColor"
          stroke-width="2"
          viewBox="0 0 24 24"
          xmlns="http://www.w3.org/2000/svg"
        >
          <path
            d="M17.657 16.657L13.414 20.9a1.998 1.998 0 01-2.827 0l-4.244-4.243a8 8 0 1111.314 0z"
            stroke-linecap="round"
            stroke-linejoin="round"
          />
          <path
            d="M15 11a3 3 0 11-6 0 3 3 0 016 0z"
            stroke-linecap="round"
            stroke-linejoin="round"
          />
        </svg>
        <div>
          Leusderweg, 152
        </div>
      </div>
      <div
        class="flex gap-1 items-center"
      >
        <svg
          aria-hidden="true"
          class="h-5 w-5 text-gray-400"
          fill="none"
          stroke="currentColor"
          stroke-width="2"
          viewBox="0 0 24 24"
          xmlns="http://www.w3.org/2000/svg"
        >
          <path
            d="M19 21V5a2 2 0 00-2-2H7a2 2 0 00-2 2v16m14 0h2m-2 0h-5m-9 0H3m2 0h5M9 7h1m-1 4h1m4-4h1m-1 4h1m-5 10v-5a1 1 0 011-1h2a1 1 0 011 1v5m-4 0h4"
            stroke-linecap="round"
            stroke-linejoin="round"
          />
        </svg>
        <div>
          Amersfoort
        </div>
      </div>
      <div
        class="flex gap-1 items-center"
      >
        <svg
          aria-hidden="true"
          class="h-5 w-5 text-gray-400"
          fill="none"
          stroke="currentColor"
          stroke-width="2"
          viewBox="0 0 24 24"
          xmlns="http://www.w3.org/2000/svg"
        >
          <path
            d="M12 8v4l3 3m6-3a9 9 0 11-18 0 9 9 0 0118 0z"
            stroke-linecap="round"
            stroke-linejoin="round"
          />
        </svg>
        <div>
          07:30 to 21:00
        </div>
      </div>
    </div>
  </router-link>
  
</div>
`;
