// Vitest Snapshot v1

exports[`StoreDetails > mounted component should match snapshot 1`] = `
<div
  data-v-app=""
>
  
  <h2>
    Store details
  </h2>
  <div
    class="grid grid-cols-[max-content_minmax(0,_1fr)] gap-2"
  >
    <div
      class="font-bold justify-self-end"
    >
      City:
    </div>
    <div>
      Alkmaar
    </div>
    <div
      class="font-bold justify-self-end"
    >
      Address:
    </div>
    <div>
      <div>
        Muiderwaard, 416
      </div>
      <div
        v-if=""
      />
    </div>
    <div
      class="font-bold justify-self-end"
    >
      Postal code:
    </div>
    <div>
      1824 XT
    </div>
  </div>
  <h2>
    Working hours
  </h2>
  <div>
     From 
    <span
      class="font-semibold"
    >
      07:00
    </span>
     to 
    <span
      class="font-semibold text-green"
    >
      22:00
    </span>
  </div>
  <div>
    <span
      class="font-semibold text-green-500"
    >
      Opens
    </span>
     on sundays 
  </div>
  <h2>
    Location
  </h2>
  <div
    class="iframe-container"
    data-v-a826f365=""
  >
    <iframe
      data-v-a826f365=""
      frameborder="0"
      height="600"
      marginheight="0"
      marginwidth="0"
      scrolling="no"
      src="https://maps.google.com/maps?q=52.645601,4.749492&z=14&output=embed"
      width="800"
    >
      
    
    </iframe>
  </div>
  
</div>
`;
